// Jest Snapshot v1, https://goo.gl/fbAQLP

exports[`<CardsBar /> should render a cards bar 1`] = `
<Styled(div)>
  <Styled(div) />
  <Styled(div)>
    <Card
      active={false}
      data={
        Object {
          "balance": "231310",
          "cardNumber": "546925000000000",
          "id": 1,
        }
      }
      isCardsEditable={false}
      key="0"
      onChangeBarMode={[Function]}
      onClick={[Function]}
    />
    <Card
      type="new"
    />
  </Styled(div)>
  <Styled(footer)>
    Yamoney Node School
  </Styled(footer)>
</Styled(div)>
`;
