// Jest Snapshot v1, https://goo.gl/fbAQLP

exports[`<UserInfo /> should render an avatar 1`] = `
<Styled(div)>
  <Gravatar
    default="mm"
    protocol="//"
    rating="g"
    size={42}
  />
  admin
    
  <a
    href="/logout"
  >
    <Icon
      style={
        Object {
          "color": "#08c",
          "fontSize": 16,
        }
      }
      type="logout"
    />
  </a>
</Styled(div)>
`;
